// Jest Snapshot v1, https://goo.gl/fbAQLP

exports[`The ContentApiFirehoseClientTesting stack matches the snapshot 1`] = `
{
  "Metadata": {
    "gu:cdk:constructs": [
      "GuAllowPolicy",
      "GuGithubActionsRole",
    ],
    "gu:cdk:version": "TEST",
  },
  "Outputs": {
    "GithubActionsRoleGithubActionsRoleArnC13D9654": {
      "Value": {
        "Fn::GetAtt": [
          "GithubActionsRoleF5CC769F",
          "Arn",
        ],
      },
    },
  },
  "Resources": {
    "GithubActionsRoleF5CC769F": {
      "Properties": {
        "AssumeRolePolicyDocument": {
          "Statement": [
            {
              "Action": "sts:AssumeRoleWithWebIdentity",
              "Condition": {
                "StringLike": {
                  "token.actions.githubusercontent.com:sub": "repo:guardian/content-api-firehose-client:*",
                },
              },
              "Effect": "Allow",
              "Principal": {
                "Federated": {
                  "Fn::Join": [
                    "",
                    [
                      "arn:aws:iam::",
                      {
                        "Ref": "AWS::AccountId",
                      },
                      ":oidc-provider/token.actions.githubusercontent.com",
                    ],
                  ],
                },
              },
            },
          ],
          "Version": "2012-10-17",
        },
        "Tags": [
          {
            "Key": "gu:cdk:version",
            "Value": "TEST",
          },
          {
            "Key": "gu:repo",
            "Value": "guardian/content-api-firehose-client",
          },
          {
            "Key": "Stack",
            "Value": "content-api-firehose-client",
          },
          {
            "Key": "Stage",
            "Value": "TEST",
          },
        ],
      },
      "Type": "AWS::IAM::Role",
    },
    "kinesisstreamaccessFE21B9E2": {
      "Properties": {
        "PolicyDocument": {
          "Statement": [
            {
              "Action": "kinesis:DescribeStreamSummary",
              "Effect": "Allow",
              "Resource": {
                "Fn::Join": [
                  "",
                  [
                    "arn:aws:kinesis:",
                    {
                      "Ref": "AWS::Region",
                    },
                    ":",
                    {
                      "Ref": "AWS::AccountId",
                    },
                    ":stream/content-api-firehose-v2-CODE",
                  ],
                ],
              },
            },
          ],
          "Version": "2012-10-17",
        },
        "PolicyName": "kinesisstreamaccessFE21B9E2",
        "Roles": [
          {
            "Ref": "GithubActionsRoleF5CC769F",
          },
        ],
      },
      "Type": "AWS::IAM::Policy",
    },
  },
}
`;
